310  [main] WARN  com.baeldung.logback.tests - This is logged from tests
573  [main] WARN  com.baeldung.logback.tests - This is logged from tests
288  [main] INFO  com.baeldung.logback - This is logged from logger
288  [main] WARN  com.baeldung.logback.tests - This is logged from tests
288  [main] WARN  com.baeldung.logback.tests - This is logged from tests
270  [main] INFO  com.baeldung.logback - This is logged from logger
270  [main] WARN  com.baeldung.logback.tests - This is logged from tests
270  [main] WARN  com.baeldung.logback.tests - This is logged from tests
304  [main] WARN  com.baeldung.logback.tests - This is logged from tests
297  [main] INFO  com.baeldung.logback - This is logged from logger
297  [main] WARN  com.baeldung.logback.tests - This is logged from tests
297  [main] WARN  com.baeldung.logback.tests - This is logged from tests
327  [main] INFO  com.baeldung.logback - This is logged from logger
327  [main] WARN  com.baeldung.logback.tests - This is logged from tests
327  [main] WARN  com.baeldung.logback.tests - This is logged from tests
296  [main] INFO  com.baeldung.logback - This is logged from logger
297  [main] WARN  com.baeldung.logback.tests - This is logged from tests
297  [main] WARN  com.baeldung.logback.tests - This is logged from tests
340  [main] INFO  com.baeldung.logback - This is logged from logger
341  [main] WARN  com.baeldung.logback.tests - This is logged from tests
341  [main] WARN  com.baeldung.logback.tests - This is logged from tests
346  [main] DEBUG com.baeldung.foobar - This is logged from foobar
350  [main] INFO  com.baeldung.logback - This is logged from logger
350  [main] WARN  com.baeldung.logback.tests - This is logged from tests
350  [main] WARN  com.baeldung.logback.tests - This is logged from tests
293  [main] DEBUG com.baeldung.foobar - This is logged from foobar
298  [main] INFO  com.baeldung.logback - This is logged from logger
299  [main] WARN  com.baeldung.tests - This is logged from tests
322  [main] DEBUG com.baeldung.foobar - This is logged from foobar
277  [main] DEBUG com.baeldung.foobar - This is logged from foobar
281  [main] INFO  com.baeldung.logback.tests - This is not logged from tests
281  [main] INFO  com.baeldung.logback.tests - This is not logged from tests
281  [main] WARN  com.baeldung.logback.tests - This is logged from tests
281  [main] WARN  com.baeldung.logback.tests - This is logged from tests
